[themeht.com/bootsland/html/index-10.html]
[backblue.gif]
[fade.gif]
[index.html]
[themeht.com/bootsland/html/assets/images/favicon.ico]
[themeht.com/bootsland/html/assets/css/bootstrap.min.css]
[themeht.com/bootsland/html/assets/css/animate.css]
[themeht.com/bootsland/html/assets/css/line-awesome.min.css]
[themeht.com/bootsland/html/assets/css/themify-icons.css]
[themeht.com/bootsland/html/assets/css/magnific-popup.css]
[themeht.com/bootsland/html/assets/css/owl.carousel.css]
[themeht.com/bootsland/html/assets/css/lightslider.min.css]
[themeht.com/bootsland/html/assets/css/spacing.css]
[themeht.com/bootsland/html/assets/css/theme.min.css]
[themeht.com/bootsland/html/index.html]
[themeht.com/bootsland/html/index-2.html]
[themeht.com/bootsland/html/index-3.html]
[themeht.com/bootsland/html/index-4.html]
[themeht.com/bootsland/html/index-5.html]
[themeht.com/bootsland/html/index-6.html]
[themeht.com/bootsland/html/index-7.html]
[themeht.com/bootsland/html/index-8.html]
[themeht.com/bootsland/html/index-9.html]
[themeht.com/bootsland/html/about-us-1.html]
[themeht.com/bootsland/html/about-us-2.html]
[themeht.com/bootsland/html/career.html]
[themeht.com/bootsland/html/career-single.html]
[themeht.com/bootsland/html/blog-card.html]
[themeht.com/bootsland/html/blog-listing.html]
[themeht.com/bootsland/html/blog-listing-2.html]
[themeht.com/bootsland/html/blog-single.html]
[themeht.com/bootsland/html/portfolio.html]
[themeht.com/bootsland/html/portfolio-single.html]
[themeht.com/bootsland/html/contact-us.html]
[themeht.com/bootsland/html/contact-us-2.html]
[themeht.com/bootsland/html/login.html]
[themeht.com/bootsland/html/login-2.html]
[themeht.com/bootsland/html/signup.html]
[themeht.com/bootsland/html/forgot-password.html]
[themeht.com/bootsland/html/pricing.html]
[themeht.com/bootsland/html/faq.html]
[themeht.com/bootsland/html/maintenance.html]
[themeht.com/bootsland/html/coming-soon.html]
[themeht.com/bootsland/html/error-404.html]
[themeht.com/bootsland/html/privacy-policy.html]
[themeht.com/bootsland/html/terms-and-conditions.html]
[themeht.com/bootsland/html/product-grid.html]
[themeht.com/bootsland/html/product-list.html]
[themeht.com/bootsland/html/product-single.html]
[themeht.com/bootsland/html/product-cart.html]
[themeht.com/bootsland/html/product-checkout.html]
[themeht.com/bootsland/html/order-complete.html]
[themeht.com/bootsland/html/feature-accordion.html]
[themeht.com/bootsland/html/feature-blog.html]
[themeht.com/bootsland/html/feature-counter.html]
[themeht.com/bootsland/html/feature-icon-box.html]
[themeht.com/bootsland/html/feature-hero.html]
[themeht.com/bootsland/html/feature-gallery.html]
[themeht.com/bootsland/html/feature-pricing.html]
[themeht.com/bootsland/html/feature-video.html]
[themeht.com/bootsland/html/feature-team.html]
[themeht.com/bootsland/html/feature-testimonial.html]
[themeht.com/bootsland/html/assets/images/client/01.png]
[themeht.com/bootsland/html/assets/images/client/02.png]
[themeht.com/bootsland/html/assets/images/client/03.png]
[themeht.com/bootsland/html/assets/images/client/04.png]
[themeht.com/bootsland/html/assets/images/client/05.png]
[themeht.com/bootsland/html/assets/images/client/06.png]
[themeht.com/bootsland/html/assets/images/about/04.png]
[themeht.com/bootsland/html/assets/images/about/10.jpg]
[themeht.com/bootsland/html/assets/images/about/11.jpg]
[themeht.com/bootsland/html/assets/images/about/12.jpg]
[themeht.com/bootsland/html/assets/images/testimonial/01.jpg]
[themeht.com/bootsland/html/assets/images/testimonial/02.jpg]
[themeht.com/bootsland/html/assets/images/testimonial/03.jpg]
[themeht.com/bootsland/html/assets/images/blog/01.png]
[themeht.com/bootsland/html/assets/images/blog/02.png]
[themeht.com/bootsland/html/assets/images/blog/03.png]
[themeht.com/bootsland/html/assets/images/bg/03.png]
[themeht.com/bootsland/html/index-10.html]
[themeht.com/bootsland/html/assets/css/bootstrap.min.css]
[themeht.com/bootsland/html/assets/css/animate.css]
[themeht.com/bootsland/html/assets/js/theme-script.js]
[themeht.com/bootsland/html/assets/fonts/la-brands-400.eot]
[themeht.com/bootsland/html/assets/fonts/la-brands-400.woff2]
[themeht.com/bootsland/html/assets/fonts/la-brands-400.woff]
[themeht.com/bootsland/html/assets/js/theme-plugin.js]
[themeht.com/bootsland/html/assets/fonts/la-brands-400d41d.eot]
[themeht.com/bootsland/html/assets/fonts/la-brands-400.ttf]
[themeht.com/bootsland/html/assets/fonts/la-regular-400.eot]
[themeht.com/bootsland/html/assets/fonts/la-regular-400.woff2]
[themeht.com/bootsland/html/assets/fonts/la-regular-400.woff]
[themeht.com/bootsland/html/assets/fonts/la-regular-400.ttf]
[themeht.com/bootsland/html/assets/fonts/la-regular-400d41d.eot]
[themeht.com/bootsland/html/assets/fonts/la-solid-900.eot]
[themeht.com/bootsland/html/assets/fonts/la-solid-900d41d.eot]
[themeht.com/bootsland/html/assets/fonts/la-solid-900.woff2]
[themeht.com/bootsland/html/assets/fonts/la-solid-900.woff]
[themeht.com/bootsland/html/assets/fonts/la-solid-900.ttf]
[themeht.com/bootsland/html/assets/css/line-awesome.min.css]
[themeht.com/bootsland/html/assets/fonts/themify9f24.eot]
[themeht.com/bootsland/html/assets/fonts/themifyd41d.eot]
[themeht.com/bootsland/html/assets/fonts/themify9f24.woff]
[themeht.com/bootsland/html/assets/fonts/themify9f24.ttf]
[themeht.com/bootsland/html/assets/css/themify-icons.css]
[themeht.com/bootsland/html/assets/css/magnific-popup.css]
[themeht.com/bootsland/html/assets/css/owl.carousel.css]
[themeht.com/bootsland/html/assets/css/lightslider.min.css]
[themeht.com/bootsland/html/assets/css/spacing.css]
[themeht.com/bootsland/html/assets/css/theme.min.css]
[themeht.com/bootsland/html/assets/images/hero/01.png]
[themeht.com/bootsland/html/assets/images/client/07.png]
[themeht.com/bootsland/html/assets/images/client/08.png]
[themeht.com/bootsland/html/assets/images/client/09.png]
[themeht.com/bootsland/html/assets/images/client/10.png]
[themeht.com/bootsland/html/assets/images/client/11.png]
[themeht.com/bootsland/html/assets/images/client/12.png]
[themeht.com/bootsland/html/assets/images/about/03.png]
[themeht.com/bootsland/html/assets/images/bg/02.png]
[themeht.com/bootsland/html/assets/images/about/02.png]
[themeht.com/bootsland/html/index.html]
[themeht.com/bootsland/html/assets/images/hero/08.png]
[themeht.com/bootsland/html/assets/images/about/06.png]
[themeht.com/bootsland/html/assets/images/team/01.png]
[themeht.com/bootsland/html/assets/images/team/02.png]
[themeht.com/bootsland/html/assets/images/team/04.png]
[themeht.com/bootsland/html/index-2.html]
[themeht.com/bootsland/html/assets/images/hero/02.png]
[themeht.com/bootsland/html/index-3.html]
[themeht.com/bootsland/html/assets/images/bg/01.jpg]
[themeht.com/bootsland/html/assets/images/about/05.png]
[themeht.com/bootsland/html/index-4.html]
[themeht.com/bootsland/html/index-5.html]
[themeht.com/bootsland/html/assets/images/about/07.png]
[themeht.com/bootsland/html/index-6.html]
[themeht.com/bootsland/html/assets/images/hero/04.png]
[themeht.com/bootsland/html/assets/images/services/01.png]
[themeht.com/bootsland/html/assets/images/services/02.png]
[themeht.com/bootsland/html/assets/images/services/03.png]
[themeht.com/bootsland/html/assets/images/about/14.png]
[themeht.com/bootsland/html/assets/images/about/08.png]
[themeht.com/bootsland/html/assets/images/app/01.png]
[themeht.com/bootsland/html/assets/images/app/02.png]
[themeht.com/bootsland/html/assets/images/app/03.png]
[themeht.com/bootsland/html/index-7.html]
[themeht.com/bootsland/html/assets/images/hero/05.png]
[themeht.com/bootsland/html/assets/images/about/09.png]
[themeht.com/bootsland/html/index-8.html]
[themeht.com/bootsland/html/assets/images/hero/06.png]
[themeht.com/bootsland/html/assets/images/portfolio/01.jpg]
[themeht.com/bootsland/html/assets/images/portfolio/large/01.jpg]
[themeht.com/bootsland/html/assets/images/portfolio/02.jpg]
[themeht.com/bootsland/html/assets/images/portfolio/large/02.jpg]
[themeht.com/bootsland/html/assets/images/portfolio/03.jpg]
[themeht.com/bootsland/html/assets/images/portfolio/large/03.jpg]
[themeht.com/bootsland/html/assets/images/portfolio/04.jpg]
[themeht.com/bootsland/html/assets/images/portfolio/large/04.jpg]
[themeht.com/bootsland/html/assets/images/portfolio/05.jpg]
[themeht.com/bootsland/html/assets/images/portfolio/large/05.jpg]
[themeht.com/bootsland/html/assets/images/portfolio/06.jpg]
[themeht.com/bootsland/html/assets/images/portfolio/large/06.jpg]
[themeht.com/bootsland/html/index-9.html]
[themeht.com/bootsland/html/about-us-1.html]
[themeht.com/bootsland/html/assets/images/about/13.jpg]
[themeht.com/bootsland/html/about-us-2.html]
[themeht.com/bootsland/html/career.html]
[themeht.com/bootsland/html/career-single.html]
[themeht.com/bootsland/html/blog-card.html]
[themeht.com/bootsland/html/assets/images/blog/blog-thumb/01.png]
[themeht.com/bootsland/html/assets/images/blog/blog-thumb/02.png]
[themeht.com/bootsland/html/assets/images/blog/blog-thumb/03.png]
[themeht.com/bootsland/html/blog-listing.html]
[themeht.com/bootsland/html/blog-listing-2.html]
[themeht.com/bootsland/html/assets/images/thumbnail/01.jpg]
[themeht.com/bootsland/html/assets/images/thumbnail/02.jpg]
[themeht.com/bootsland/html/assets/images/thumbnail/03.jpg]
[themeht.com/bootsland/html/blog-single.html]
[themeht.com/bootsland/html/portfolio.html]
[themeht.com/bootsland/html/portfolio-single.html]
[themeht.com/bootsland/html/contact-us.html]
[themeht.com/bootsland/html/contact-us-2.html]
[themeht.com/bootsland/html/login.html]
[themeht.com/bootsland/html/assets/images/login.png]
[themeht.com/bootsland/html/login-2.html]
[themeht.com/bootsland/html/signup.html]
[themeht.com/bootsland/html/forgot-password.html]
[themeht.com/bootsland/html/pricing.html]
[themeht.com/bootsland/html/faq.html]
[themeht.com/bootsland/html/assets/images/maintenance.png]
[themeht.com/bootsland/html/maintenance.html]
[themeht.com/bootsland/html/assets/images/coming-bg.png]
[themeht.com/bootsland/html/assets/images/coming-soon-img.png]
[themeht.com/bootsland/html/coming-soon.html]
[themeht.com/bootsland/html/assets/images/404.png]
[themeht.com/bootsland/html/error-404.html]
[themeht.com/bootsland/html/privacy-policy.html]
[themeht.com/bootsland/html/terms-and-conditions.html]
[themeht.com/bootsland/html/assets/images/product/01.jpg]
[themeht.com/bootsland/html/assets/images/product/02.jpg]
[themeht.com/bootsland/html/assets/images/product/03.jpg]
[themeht.com/bootsland/html/assets/images/product/04.jpg]
[themeht.com/bootsland/html/assets/images/product/05.jpg]
[themeht.com/bootsland/html/assets/images/product/06.jpg]
[themeht.com/bootsland/html/product-grid.html]
[themeht.com/bootsland/html/product-list.html]
[themeht.com/bootsland/html/product-single.html]
[themeht.com/bootsland/html/assets/images/product-thumb/01.jpg]
[themeht.com/bootsland/html/assets/images/product-thumb/02.jpg]
[themeht.com/bootsland/html/product-cart.html]
[themeht.com/bootsland/html/product-checkout.html]
[themeht.com/bootsland/html/order-complete.html]
[themeht.com/bootsland/html/feature-accordion.html]
[themeht.com/bootsland/html/feature-blog.html]
[themeht.com/bootsland/html/feature-counter.html]
[themeht.com/bootsland/html/feature-icon-box.html]
[themeht.com/bootsland/html/feature-hero.html]
[themeht.com/bootsland/html/feature-gallery.html]
[themeht.com/bootsland/html/feature-pricing.html]
[themeht.com/bootsland/html/feature-video.html]
[themeht.com/bootsland/html/feature-team.html]
[themeht.com/bootsland/html/feature-testimonial.html]
[themeht.com/bootsland/html/assets/images/icon/01.svg]
[themeht.com/bootsland/html/assets/images/icon/02.svg]
[themeht.com/bootsland/html/assets/images/icon/03.svg]
[themeht.com/bootsland/html/assets/images/icon/04.svg]
[themeht.com/bootsland/html/assets/images/icon/05.svg]
[themeht.com/bootsland/html/assets/fonts/la-brands-400.svg]
[themeht.com/bootsland/html/assets/fonts/la-regular-400.svg]
[themeht.com/bootsland/html/assets/fonts/la-solid-900.svg]
[themeht.com/bootsland/html/assets/fonts/themify9f24.svg]
[themeht.com/bootsland/html/assets/css/owl.video.play.html]
[themeht.com/bootsland/html/assets/img/controls.html]
[themeht.com/bootsland/html/assets/images/svg/01.svg]
[themeht.com/bootsland/html/assets/images/svg/02.svg]
[themeht.com/bootsland/html/assets/images/svg/03.svg]
[themeht.com/bootsland/html/assets/images/team/03.png]
[themeht.com/bootsland/html/assets/images/svg/04.svg]
[themeht.com/bootsland/html/assets/images/svg/05.svg]
[themeht.com/bootsland/html/assets/images/svg/06.svg]
[themeht.com/bootsland/html/assets/images/svg/09.svg]
[themeht.com/bootsland/html/assets/images/svg/10.svg]
[themeht.com/bootsland/html/assets/images/svg/11.svg]
[themeht.com/bootsland/html/assets/images/hero/06.png]
